
========================================================================
[approve-01-headphones-replacement] bucket=clear_approve
REQUEST: Hi, I'm Grace Hopper (E001). My headphones broke, so I need a replacement.
========================================================================

[THOUGHT] (iteration 1) I need to call get_employee_info.
[ACTION] get_employee_info({"employee_id": "E001"})
[OBSERVATION] {"employee_id": "E001", "equipment": ["headphones", "laptop"], "found": true, "name": "Grace Hopper", "role": "employee", "tenure_years": 14}

[THOUGHT] (iteration 2) I need to call evaluate_request.
[ACTION] evaluate_request({"employee": "Grace Hopper", "item_requested": "headphones", "reason": "My headphones broke, so I need a replacement.", "role": "employee"})
[OBSERVATION] {"decision": "approve", "rule": "headphones_replacement"}
[ROUTE] approve (headphones_replacement) -> draft the approval, naming the rule

[DRAFT] Your request for a replacement headphones has been approved under rule headphones_replacement, Grace Hopper. The replacement will be processed shortly. Thank you for bringing this to our attention.
[REFLECTION] Draft confirmed against tool observations

>>> [approve-01-headphones-replacement] OK: expected=approve got=approve rule=headphones_replacement

========================================================================
[approve-02-headphones-first] bucket=clear_approve
REQUEST: Hello, I'm Adele Goldberg (E011). This is my first pair of headphones; I do not have one yet.
========================================================================

[THOUGHT] (iteration 1) I need to call get_employee_info.
[ACTION] get_employee_info({"employee_id": "E011"})
[OBSERVATION] {"employee_id": "E011", "equipment": [], "found": true, "name": "Adele Goldberg", "role": "employee", "tenure_years": 1}

[THOUGHT] (iteration 2) I need to call evaluate_request.
[ACTION] evaluate_request({"employee": "Adele Goldberg", "item_requested": "headphones", "reason": "This is my first pair of headphones; I do not have one yet.", "role": "employee"})
[OBSERVATION] {"decision": "approve", "rule": "headphones_first"}
[ROUTE] approve (headphones_first) -> draft the approval, naming the rule

[DRAFT] Your request for headphones has been approved. The decision is based on Rule ID: headphones_first. You are all set to receive your first pair of headphones!
[REFLECTION] Draft confirmed against tool observations

>>> [approve-02-headphones-first] OK: expected=approve got=approve rule=headphones_first

========================================================================
[approve-03-employee-phone-replacement] bucket=clear_approve
REQUEST: Hi, I'm Radia Perlman (E005). My company phone stopped working after the drop. Can I get a replacement?
========================================================================

[THOUGHT] (iteration 1) I need to call get_employee_info.
[ACTION] get_employee_info({"employee_id": "E005"})
[OBSERVATION] {"employee_id": "E005", "equipment": ["phone", "laptop"], "found": true, "name": "Radia Perlman", "role": "employee", "tenure_years": 9}

[THOUGHT] (iteration 2) I need to call evaluate_request.
[ACTION] evaluate_request({"employee": "Radia Perlman", "item_requested": "phone", "reason": "My company phone stopped working after the drop.", "role": "employee"})
[OBSERVATION] {"decision": "approve", "rule": "employee_phone_replacement"}
[ROUTE] approve (employee_phone_replacement) -> draft the approval, naming the rule

[DRAFT] Your request for a replacement phone has been approved under rule employee_phone_replacement. We will process your replacement phone shortly. Thank you, Radia.
[REFLECTION] Draft corrected: Your request for a replacement phone has been approved under the rule employee_phone_replacement. We will process your replacement phone shortly. Thank you, Radia.

>>> [approve-03-employee-phone-replacement] OK: expected=approve got=approve rule=employee_phone_replacement

========================================================================
[approve-04-manager-headphones-replacement] bucket=clear_approve
REQUEST: Hi, I'm Alan Turing (E003). My headphones are worn out; I'd like a replacement pair.
========================================================================

[THOUGHT] (iteration 1) I need to call get_employee_info.
[ACTION] get_employee_info({"employee_id": "E003"})
[OBSERVATION] {"employee_id": "E003", "equipment": ["headphones", "phone", "laptop"], "found": true, "name": "Alan Turing", "role": "manager", "tenure_years": 11}

[THOUGHT] (iteration 2) I need to call evaluate_request.
[ACTION] evaluate_request({"employee": "Alan Turing", "item_requested": "headphones", "reason": "My headphones are worn out; I'd like a replacement pair.", "role": "manager"})
[OBSERVATION] {"decision": "approve", "rule": "headphones_replacement"}
[ROUTE] approve (headphones_replacement) -> draft the approval, naming the rule

[DRAFT] Your request for a replacement pair of headphones has been approved under rule headphones_replacement, Alan Turing. We will process the replacement as soon as possible. Thank you for bringing this to our attention.
[REFLECTION] Draft corrected: Your request for a replacement pair of headphones has been approved under rule headphones_replacement. We will process the replacement as soon as possible. Thank you for bringing this to our attention.

>>> [approve-04-manager-headphones-replacement] OK: expected=approve got=approve rule=headphones_replacement

========================================================================
[approve-05-manager-phone-first] bucket=clear_approve
REQUEST: Hello, I'm Barbara Liskov (E007). I don't have a company phone yet and would like my first one.
========================================================================

[THOUGHT] (iteration 1) I need to call get_employee_info.
[ACTION] get_employee_info({"employee_id": "E007"})
[OBSERVATION] {"employee_id": "E007", "equipment": ["laptop"], "found": true, "name": "Barbara Liskov", "role": "manager", "tenure_years": 16}

[THOUGHT] (iteration 2) I need to call evaluate_request.
[ACTION] evaluate_request({"employee": "Barbara Liskov", "item_requested": "phone", "reason": "I don't have a company phone yet and would like my first one.", "role": "manager"})
[OBSERVATION] {"decision": "approve", "rule": "manager_phone_first"}
[ROUTE] approve (manager_phone_first) -> draft the approval, naming the rule

[DRAFT] Your request for a company phone has been approved. As a manager, you are eligible for your first phone under policy rule manager_phone_first. Enjoy your new device!
[REFLECTION] Draft confirmed against tool observations

>>> [approve-05-manager-phone-first] OK: expected=approve got=approve rule=manager_phone_first

========================================================================
[approve-06-director-phone-replacement] bucket=clear_approve
REQUEST: Hi, I'm Margaret Hamilton (E004). My phone was stolen and I need a replacement.
========================================================================

[THOUGHT] (iteration 1) I need to call get_employee_info.
[ACTION] get_employee_info({"employee_id": "E004"})
[OBSERVATION] {"employee_id": "E004", "equipment": ["headphones", "phone", "laptop"], "found": true, "name": "Margaret Hamilton", "role": "director", "tenure_years": 20}

[THOUGHT] (iteration 2) I need to call evaluate_request.
[ACTION] evaluate_request({"employee": "Margaret Hamilton", "item_requested": "phone", "reason": "My phone was stolen and I need a replacement.", "role": "director"})
[OBSERVATION] {"decision": "approve", "rule": "manager_phone_replacement"}
[ROUTE] approve (manager_phone_replacement) -> draft the approval, naming the rule

[DRAFT] Your request for a phone replacement has been approved under rule "manager_phone_replacement", Margaret Hamilton. We will process your replacement request shortly.
[REFLECTION] Draft confirmed against tool observations

>>> [approve-06-director-phone-replacement] OK: expected=approve got=approve rule=manager_phone_replacement

========================================================================
[deny-01-employee-laptop] bucket=clear_deny
REQUEST: Hi, I'm Linus Torvalds (E010). I need a laptop for my work.
========================================================================

[THOUGHT] (iteration 1) I need to call get_employee_info.
[ACTION] get_employee_info({"employee_id": "E010"})
[OBSERVATION] {"employee_id": "E010", "equipment": ["laptop"], "found": true, "name": "Linus Torvalds", "role": "employee", "tenure_years": 10}

[THOUGHT] (iteration 2) I need to call evaluate_request.
[ACTION] evaluate_request({"employee": "Linus Torvalds", "item_requested": "laptop", "reason": "for my work", "role": "employee"})
[OBSERVATION] {"decision": "deny", "rule": "employee_laptop"}
[ROUTE] deny (employee_laptop) -> draft the refusal, naming the rule; do not call flag_for_human_review

[DRAFT] I need to draft the denial message.
[REFLECTION] Draft corrected: Your request for a laptop has been denied. The rule "employee_laptop" does not support granting laptops to employees. Please contact your IT administrator for further assistance.

>>> [deny-01-employee-laptop] OK: expected=deny got=deny rule=employee_laptop

========================================================================
[deny-02-employee-phone-second] bucket=clear_deny
REQUEST: Hello, I'm Katherine Johnson (E002). I already have a work phone but want an additional one for travel.
========================================================================

[THOUGHT] (iteration 1) I need to call get_employee_info.
[ACTION] get_employee_info({"employee_id": "E002"})
[OBSERVATION] {"employee_id": "E002", "equipment": ["laptop"], "found": true, "name": "Katherine Johnson", "role": "employee", "tenure_years": 8}

[THOUGHT] (iteration 2) I need to call evaluate_request.
[ACTION] evaluate_request({"employee": "Katherine Johnson", "item_requested": "phone", "reason": "I already have a work phone but want an additional one for travel.", "role": "employee"})
[OBSERVATION] {"decision": "deny", "rule": "employee_phone_second"}
[ROUTE] deny (employee_phone_second) -> draft the refusal, naming the rule; do not call flag_for_human_review

[DRAFT] Katherine Johnson, you requested an additional work phone, but it is not approved under the policy. The rule "employee_phone_second" denies the request as you already have a work phone. Thank you for your understanding.
[REFLECTION] Draft corrected: Katherine Johnson, your request for an additional work phone has been reviewed. According to the policy, employees are not permitted to have a second work phone. Your request has been denied under the rule "employee_phone_second" as you already have a work phone. Thank you for your understanding.

>>> [deny-02-employee-phone-second] OK: expected=deny got=deny rule=employee_phone_second

========================================================================
[deny-03-headphones-spare] bucket=clear_deny
REQUEST: Hi, I'm Margaret Hamilton (E004). I want a second pair of headphones as a spare while I keep my current ones.
========================================================================

[THOUGHT] (iteration 1) I need to call get_employee_info.
[ACTION] get_employee_info({"employee_id": "E004"})
[OBSERVATION] {"employee_id": "E004", "equipment": ["headphones", "phone", "laptop"], "found": true, "name": "Margaret Hamilton", "role": "director", "tenure_years": 20}

[THOUGHT] (iteration 2) I need to call evaluate_request.
[ACTION] evaluate_request({"employee": "Margaret Hamilton", "item_requested": "headphones", "reason": "as a spare while I keep my current ones", "role": "director"})
[OBSERVATION] {"decision": "deny", "rule": "headphones_second"}
[ROUTE] deny (headphones_second) -> draft the refusal, naming the rule; do not call flag_for_human_review

[DRAFT] Margaret, your request for a second pair of headphones has been denied. According to policy rule headphones_second, employees are not eligible for additional headphones beyond their current equipment.
[REFLECTION] Draft corrected: Margaret, your request for a second pair of headphones has been denied. According to policy rule headphones_second, employees are not eligible for additional headphones beyond their current equipment.

>>> [deny-03-headphones-spare] OK: expected=deny got=deny rule=headphones_second

========================================================================
[deny-04-director-phone-second] bucket=clear_deny
REQUEST: Hello, I'm Donald Knuth (E008). I'd like another phone; I already have one.
========================================================================

[THOUGHT] (iteration 1) I need to call get_employee_info.
[ACTION] get_employee_info({"employee_id": "E008"})
[OBSERVATION] {"employee_id": "E008", "equipment": ["headphones", "phone", "laptop"], "found": true, "name": "Donald Knuth", "role": "director", "tenure_years": 30}

[THOUGHT] (iteration 2) I need to call evaluate_request.
[ACTION] evaluate_request({"employee": "Donald Knuth", "item_requested": "phone", "reason": "I already have one.", "role": "director"})
[OBSERVATION] {"decision": "deny", "rule": "manager_phone_second"}
[ROUTE] deny (manager_phone_second) -> draft the refusal, naming the rule; do not call flag_for_human_review

[DRAFT] Donald Knuth, I regret to inform you that your request for another phone has been denied. According to policy rule manager_phone_second, employees in your role are not eligible for a second phone. Thank you for your understanding.
[REFLECTION] Draft corrected: <the revised draft>

>>> [deny-04-director-phone-second] OK: expected=deny got=deny rule=manager_phone_second

========================================================================
[deny-05-manager-laptop] bucket=clear_deny
REQUEST: Hi, I'm Edsger Dijkstra (E012). My laptop is slow; I need a new one.
========================================================================

[THOUGHT] (iteration 1) I need to call get_employee_info.
[ACTION] get_employee_info({"employee_id": "E012"})
[OBSERVATION] {"employee_id": "E012", "equipment": ["phone"], "found": true, "name": "Edsger Dijkstra", "role": "manager", "tenure_years": 4}

[THOUGHT] (iteration 2) I need to call evaluate_request.
[ACTION] evaluate_request({"employee": "Edsger Dijkstra", "item_requested": "laptop", "reason": "My laptop is slow; I need a new one.", "role": "manager"})
[OBSERVATION] {"decision": "deny", "rule": "laptop_not_covered"}
[ROUTE] deny (laptop_not_covered) -> draft the refusal, naming the rule; do not call flag_for_human_review

[DRAFT] Edsger Dijkstra, your request for a new laptop is denied because laptops are not covered under your manager role according to policy rule laptop_not_covered.
[REFLECTION] Draft corrected: Edsger Dijkstra, your request for a new laptop is denied because laptops are not covered under your manager role according to policy rule laptop_not_covered.

>>> [deny-05-manager-laptop] OK: expected=deny got=deny rule=laptop_not_covered

========================================================================
[deny-06-headphones-extra] bucket=clear_deny
REQUEST: Hello, I'm Frances Allen (E013). Could I get an extra pair of headphones to keep at home? I already have my desk pair.
========================================================================

[THOUGHT] (iteration 1) I need to call get_employee_info.
[ACTION] get_employee_info({"employee_id": "E013"})
[OBSERVATION] {"employee_id": "E013", "equipment": ["headphones"], "found": true, "name": "Frances Allen", "role": "director", "tenure_years": 18}

[THOUGHT] (iteration 2) I need to call evaluate_request.
[ACTION] evaluate_request({"employee": "Frances Allen", "item_requested": "headphones", "reason": "I already have my desk pair.", "role": "director"})
[OBSERVATION] {"decision": "deny", "rule": "headphones_second"}
[ROUTE] deny (headphones_second) -> draft the refusal, naming the rule; do not call flag_for_human_review

[DRAFT] Frances Allen, according to our policy, you are not eligible for an extra pair of headphones. The request is denied under rule headphones_second.
[REFLECTION] Draft corrected: <the revised draft>

>>> [deny-06-headphones-extra] OK: expected=deny got=deny rule=headphones_second

========================================================================
[escalate-1-01-unknown-role] bucket=escalate_ambiguous
REQUEST: Hi, I'm Mani. I'd like a vanilla latte, protein goals.
========================================================================
[ERROR] Draft attempted before evaluate_request ran; bouncing back.

[THOUGHT] (iteration 2) I need to call evaluate_request.
[ACTION] evaluate_request({"employee": "Mani", "item_requested": "", "reason": "protein goals", "role": ""})
[OBSERVATION] {"decision": "escalate", "rule": "blank_field"}
[ROUTE] escalate (blank_field) -> call flag_for_human_review, then draft the handoff with the review id

[THOUGHT] (iteration 3) I need to call flag_for_human_review.
[ACTION] flag_for_human_review({"employee_id": "E000", "reason": "vanilla latte, protein goals", "request": "vanilla latte, protein goals"})
[OBSERVATION] {"employee_id": "E000", "reason": "vanilla latte, protein goals", "request": "vanilla latte, protein goals", "review_id": "R001", "status": "escalated"}

[DRAFT] Your request for a vanilla latte and protein goals has been escalated for human review with review ID R001. We will get back to you shortly.
[REFLECTION] Draft corrected: Your request for a vanilla latte and protein goals has been escalated for human review with review ID R001. The reason for escalation is a blank field. We will get back to you shortly.

>>> [escalate-1-01-unknown-role] OK: expected=escalate got=escalate rule=blank_field

========================================================================
[escalate-1-02-blank-reason] bucket=escalate_ambiguous
REQUEST: Hi, I'm Katherine Johnson (E002). I'd like to request headphones.
========================================================================

[THOUGHT] (iteration 1) I need to call get_employee_info.
[ACTION] get_employee_info({"employee_id": "E002"})
[OBSERVATION] {"employee_id": "E002", "equipment": ["laptop"], "found": true, "name": "Katherine Johnson", "role": "employee", "tenure_years": 8}

[THOUGHT] (iteration 2) I need to call evaluate_request.
[ACTION] evaluate_request({"employee": "Katherine Johnson", "item_requested": "headphones", "reason": "", "role": "employee"})
[OBSERVATION] {"decision": "escalate", "rule": "blank_field"}
[ROUTE] escalate (blank_field) -> call flag_for_human_review, then draft the handoff with the review id

[THOUGHT] (iteration 3) I need to call flag_for_human_review.
[ACTION] flag_for_human_review({"employee_id": "E002", "reason": "requesting headphones", "request": "headphones"})
[OBSERVATION] {"employee_id": "E002", "reason": "requesting headphones", "request": "headphones", "review_id": "R001", "status": "escalated"}

[DRAFT] Your request for headphones has been escalated for human review. A review with ID R001 has been created, and a human will make the final decision. You will be notified once the review is complete. Thank you for your request, Katherine Johnson.
[REFLECTION] Draft corrected: Your request for headphones has been escalated for human review. A review with ID R001 has been created, and a human will make the final decision. You will be notified once the review is complete. Thank you for your request, Katherine Johnson.

>>> [escalate-1-02-blank-reason] OK: expected=escalate got=escalate rule=blank_field

========================================================================
[escalate-1-03-unclear-contradiction] bucket=escalate_ambiguous
REQUEST: Hi, I'm Radia Perlman (E005). I need a second phone since I don't have one right now.
========================================================================

[THOUGHT] (iteration 1) I need to call get_employee_info.
[ACTION] get_employee_info({"employee_id": "E005"})
[OBSERVATION] {"employee_id": "E005", "equipment": ["phone", "laptop"], "found": true, "name": "Radia Perlman", "role": "employee", "tenure_years": 9}

[THOUGHT] (iteration 2) I need to call evaluate_request.
[ACTION] evaluate_request({"employee": "Radia Perlman", "item_requested": "phone", "reason": "I need a second phone since I don't have one right now.", "role": "employee"})
[OBSERVATION] {"decision": "escalate", "rule": "unclear_reason"}
[ROUTE] escalate (unclear_reason) -> call flag_for_human_review, then draft the handoff with the review id

[THOUGHT] (iteration 3) I need to call flag_for_human_review.
[ACTION] flag_for_human_review({"employee_id": "E005", "reason": "I don't have one right now", "request": "I need a second phone since I don't have one right now."})
[OBSERVATION] {"employee_id": "E005", "reason": "I don't have one right now", "request": "I need a second phone since I don't have one right now.", "review_id": "R001", "status": "escalated"}

[DRAFT] Hi Radia, your request for a second phone has been escalated for human review. The review ID is R001. A human will assess your request and get back to you shortly. Thank you for your patience.
[REFLECTION] Draft corrected: Hi Radia, your request for a second phone has been escalated for human review. The review ID is R001. A human will assess your request and get back to you shortly. Thank you for your patience.

>>> [escalate-1-03-unclear-contradiction] OK: expected=escalate got=escalate rule=unclear_reason

========================================================================
[escalate-1-04-employee-phone-first] bucket=escalate_ambiguous
REQUEST: Hello, I'm Tim Berners-Lee (E006). I don't have a company phone yet; could I get my first one?
========================================================================

[THOUGHT] (iteration 1) I need to call get_employee_info.
[ACTION] get_employee_info({"employee_id": "E006"})
[OBSERVATION] {"employee_id": "E006", "equipment": ["phone", "laptop"], "found": true, "name": "Tim Berners-Lee", "role": "employee", "tenure_years": 7}

[THOUGHT] (iteration 2) I need to call evaluate_request.
[ACTION] evaluate_request({"employee": "Tim Berners-Lee", "item_requested": "phone", "reason": "I don't have a company phone yet", "role": "employee"})
[OBSERVATION] {"decision": "escalate", "rule": "employee_phone_first"}
[ROUTE] escalate (employee_phone_first) -> call flag_for_human_review, then draft the handoff with the review id

[THOUGHT] (iteration 3) I need to call flag_for_human_review.
[ACTION] flag_for_human_review({"employee_id": "E006", "reason": "I don't have a company phone yet; could I get my first one?", "request": "phone"})
[OBSERVATION] {"employee_id": "E006", "reason": "I don't have a company phone yet; could I get my first one?", "request": "phone", "review_id": "R001", "status": "escalated"}

[DRAFT] Your request for a company phone has been escalated for human review. A review ID (R001) has been assigned, and the request will be evaluated by a human reviewer. You will be notified once a decision is made. Thank you for your patience.
[REFLECTION] Draft corrected: Your request for a company phone has been escalated for human review. A review ID (R001) has been assigned, and the request will be evaluated by a human reviewer. You will be notified once a decision is made. Thank you for your patience.

>>> [escalate-1-04-employee-phone-first] OK: expected=escalate got=escalate rule=employee_phone_first

========================================================================
[escalate-1-05-unknown-item] bucket=escalate_ambiguous
REQUEST: Hi, I'm Grace Hopper (E001). My monitor arm snapped; can I get a new monitor arm?
========================================================================

[THOUGHT] (iteration 1) I need to call get_employee_info.
[ACTION] get_employee_info({"employee_id": "E001"})
[OBSERVATION] {"employee_id": "E001", "equipment": ["headphones", "laptop"], "found": true, "name": "Grace Hopper", "role": "employee", "tenure_years": 14}

[THOUGHT] (iteration 2) I need to call evaluate_request.
[ACTION] evaluate_request({"employee": "Grace Hopper", "item_requested": "monitor arm", "reason": "My monitor arm snapped", "role": "employee"})
[OBSERVATION] {"decision": "escalate", "rule": "unknown_item"}
[ROUTE] escalate (unknown_item) -> call flag_for_human_review, then draft the handoff with the review id

[THOUGHT] (iteration 3) I need to call flag_for_human_review.
[ACTION] flag_for_human_review({"employee_id": "E001", "reason": "My monitor arm snapped; can I get a new monitor arm?", "request": "new monitor arm"})
[OBSERVATION] {"employee_id": "E001", "reason": "My monitor arm snapped; can I get a new monitor arm?", "request": "new monitor arm", "review_id": "R001", "status": "escalated"}

[DRAFT] Your request for a new monitor arm has been escalated for human review with review ID R001. We will get back to you once a decision is made. Thank you for your patience, Grace Hopper.
[REFLECTION] Draft corrected: Your request for a new monitor arm has been escalated for human review with review ID R001. We will get back to you once a decision is made. Thank you for your patience, Grace Hopper.

>>> [escalate-1-05-unknown-item] OK: expected=escalate got=escalate rule=unknown_item

========================================================================
[escalate-1-06-no-signal] bucket=escalate_ambiguous
REQUEST: Hello, I'm Adele Goldberg (E011). I just feel like I need new headphones.
========================================================================

[THOUGHT] (iteration 1) I need to call get_employee_info.
[ACTION] get_employee_info({"employee_id": "E011"})
[OBSERVATION] {"employee_id": "E011", "equipment": [], "found": true, "name": "Adele Goldberg", "role": "employee", "tenure_years": 1}

[THOUGHT] (iteration 2) I need to call evaluate_request.
[ACTION] evaluate_request({"employee": "Adele Goldberg", "item_requested": "headphones", "reason": "I just feel like I need new headphones.", "role": "employee"})
[OBSERVATION] {"decision": "escalate", "rule": "unclear_reason"}
[ROUTE] escalate (unclear_reason) -> call flag_for_human_review, then draft the handoff with the review id

[THOUGHT] (iteration 3) I need to call flag_for_human_review.
[ACTION] flag_for_human_review({"employee_id": "E011", "reason": "I just feel like I need new headphones.", "request": "headphones"})
[OBSERVATION] {"employee_id": "E011", "reason": "I just feel like I need new headphones.", "request": "headphones", "review_id": "R001", "status": "escalated"}

[DRAFT] Adele Goldberg, your request for headphones has been escalated for human review. The reason provided is unclear, and a review has been initiated with ID R001. You will be notified once a decision is made. Thank you for your understanding.
[REFLECTION] Draft corrected: Adele Goldberg, your request for headphones has been escalated for human review. The reason provided is unclear. A review has been initiated with ID R001. You will be notified once a decision is made. Thank you for your understanding.

>>> [escalate-1-06-no-signal] OK: expected=escalate got=escalate rule=unclear_reason

========================================================================
[escalate-2-01-manager-laptop-week-overlap] bucket=escalate_week_overlap
REQUEST: Hi, I'm Ada Lovelace (E009). I'm replacing my laptop and will keep both for a week before returning the old one to IT.
========================================================================

[THOUGHT] (iteration 1) I need to call get_employee_info.
[ACTION] get_employee_info({"employee_id": "E009"})
[OBSERVATION] {"employee_id": "E009", "equipment": ["phone", "laptop"], "found": true, "name": "Ada Lovelace", "role": "manager", "tenure_years": 6}

[THOUGHT] (iteration 2) I need to call evaluate_request.
[ACTION] evaluate_request({"employee": "Ada Lovelace", "item_requested": "laptop", "reason": "I'm replacing my laptop and will keep both for a week before returning the old one to IT.", "role": "manager"})
[OBSERVATION] {"decision": "escalate", "rule": "laptop_week_overlap"}
[ROUTE] escalate (laptop_week_overlap) -> call flag_for_human_review, then draft the handoff with the review id

[THOUGHT] (iteration 3) I need to call flag_for_human_review.
[ACTION] flag_for_human_review({"employee_id": "E009", "reason": "Replacing laptop and keeping both for a week before returning the old one to IT", "request": "laptop"})
[OBSERVATION] {"employee_id": "E009", "reason": "Replacing laptop and keeping both for a week before returning the old one to IT", "request": "laptop", "review_id": "R001", "status": "escalated"}

[DRAFT] Your request for a laptop has been escalated for human review. The review ID is R001. We will notify you once a decision is made. Thank you for your understanding, Ada Lovelace.
[REFLECTION] Draft corrected: Your request for a laptop has been escalated for human review. The review ID is R001. The reason for escalation is that you are replacing your laptop and will keep both for a week before returning the old one to IT. We will notify you once a decision is made. Thank you for your understanding, Ada Lovelace.

>>> [escalate-2-01-manager-laptop-week-overlap] OK: expected=escalate got=escalate rule=laptop_week_overlap

========================================================================
[escalate-2-02-manager-laptop-7-days] bucket=escalate_week_overlap
REQUEST: Hello, I'm Edsger Dijkstra (E012). New laptop please; I'll keep both laptops for 7 days, then return the old one.
========================================================================

[THOUGHT] (iteration 1) I need to call get_employee_info.
[ACTION] get_employee_info({"employee_id": "E012"})
[OBSERVATION] {"employee_id": "E012", "equipment": ["phone"], "found": true, "name": "Edsger Dijkstra", "role": "manager", "tenure_years": 4}

[THOUGHT] (iteration 2) I need to call evaluate_request.
[ACTION] evaluate_request({"employee": "Edsger Dijkstra", "item_requested": "laptop", "reason": "I'll keep both laptops for 7 days, then return the old one.", "role": "manager"})
[OBSERVATION] {"decision": "escalate", "rule": "laptop_week_overlap"}
[ROUTE] escalate (laptop_week_overlap) -> call flag_for_human_review, then draft the handoff with the review id

[THOUGHT] (iteration 3) I need to call flag_for_human_review.
[ACTION] flag_for_human_review({"employee_id": "E012", "reason": "I'll keep both laptops for 7 days, then return the old one.", "request": "New laptop please; I'll keep both laptops for 7 days, then return the old one."})
[OBSERVATION] {"employee_id": "E012", "reason": "I'll keep both laptops for 7 days, then return the old one.", "request": "New laptop please; I'll keep both laptops for 7 days, then return the old one.", "review_id": "R001", "status": "escalated"}

[DRAFT] Edsger Dijkstra, your request has been escalated for human review with review ID R001. The reason provided is that you plan to keep both laptops for 7 days before returning the old one. We will review your case and get back to you shortly.
[REFLECTION] Draft corrected: Edsger Dijkstra, your request has been escalated for human review with review ID R001. The reason provided is that you plan to keep both laptops for 7 days before returning the old one. We will review your case and get back to you shortly.

>>> [escalate-2-02-manager-laptop-7-days] OK: expected=escalate got=escalate rule=laptop_week_overlap

========================================================================
[escalate-2-03-director-laptop-week-overlap] bucket=escalate_week_overlap
REQUEST: Hi, I'm Margaret Hamilton (E004). Replacing my laptop; I'll keep both for a week and return the old one to IT after migration.
========================================================================

[THOUGHT] (iteration 1) I need to call get_employee_info.
[ACTION] get_employee_info({"employee_id": "E004"})
[OBSERVATION] {"employee_id": "E004", "equipment": ["headphones", "phone", "laptop"], "found": true, "name": "Margaret Hamilton", "role": "director", "tenure_years": 20}

[THOUGHT] (iteration 2) I need to call evaluate_request.
[ACTION] evaluate_request({"employee": "Margaret Hamilton", "item_requested": "laptop", "reason": "Replacing my laptop; I'll keep both for a week and return the old one to IT after migration.", "role": "director"})
[OBSERVATION] {"decision": "escalate", "rule": "laptop_week_overlap"}
[ROUTE] escalate (laptop_week_overlap) -> call flag_for_human_review, then draft the handoff with the review id

[THOUGHT] (iteration 3) I need to call flag_for_human_review.
[ACTION] flag_for_human_review({"employee_id": "E004", "reason": "Replacing my laptop; I'll keep both for a week and return the old one to IT after migration.", "request": "laptop"})
[OBSERVATION] {"employee_id": "E004", "reason": "Replacing my laptop; I'll keep both for a week and return the old one to IT after migration.", "request": "laptop", "review_id": "R001", "status": "escalated"}

[DRAFT] Your request for a laptop has been escalated for human review. The review ID is R001. We will notify you once a decision is made. Thank you for your understanding, Margaret.
[REFLECTION] Draft corrected: Your request for a laptop has been escalated for human review. The review ID is R001. The reason for escalation is laptop_week_overlap. We will notify you once a decision is made. Thank you for your understanding, Margaret.

>>> [escalate-2-03-director-laptop-week-overlap] OK: expected=escalate got=escalate rule=laptop_week_overlap

========================================================================
[escalate-2-04-manager-phone-week-overlap] bucket=escalate_week_overlap
REQUEST: Hello, I'm Barbara Liskov (E007). My phone needs replacing; I'd like to keep both phones for a week before I return the old one.
========================================================================

[THOUGHT] (iteration 1) I need to call get_employee_info.
[ACTION] get_employee_info({"employee_id": "E007"})
[OBSERVATION] {"employee_id": "E007", "equipment": ["laptop"], "found": true, "name": "Barbara Liskov", "role": "manager", "tenure_years": 16}

[THOUGHT] (iteration 2) I need to call evaluate_request.
[ACTION] evaluate_request({"employee": "Barbara Liskov", "item_requested": "phone", "reason": "My phone needs replacing; I'd like to keep both phones for a week before I return the old one.", "role": "manager"})
[OBSERVATION] {"decision": "escalate", "rule": "unclear_reason"}
[ROUTE] escalate (unclear_reason) -> call flag_for_human_review, then draft the handoff with the review id

[THOUGHT] (iteration 3) I need to call flag_for_human_review.
[ACTION] flag_for_human_review({"employee_id": "E007", "reason": "I'd like to keep both phones for a week before I return the old one.", "request": "phone"})
[OBSERVATION] {"employee_id": "E007", "reason": "I'd like to keep both phones for a week before I return the old one.", "request": "phone", "review_id": "R001", "status": "escalated"}

[DRAFT] Your request for a phone has been escalated for human review. The review ID is R001. A human will assess your request and provide a final decision. Thank you for your understanding.
[REFLECTION] Draft corrected: Your request for a phone has been escalated for human review. The review ID is R001. A human will assess your request and provide a final decision. Thank you for your understanding.

>>> [escalate-2-04-manager-phone-week-overlap] OK: expected=escalate got=escalate rule=unclear_reason

========================================================================
[escalate-2-05-headphones-week-overlap] bucket=escalate_week_overlap
REQUEST: Hi, I'm Alan Turing (E003). I'd like a replacement for my headphones but want to keep both pairs for a week, then return the old pair.
========================================================================

[THOUGHT] (iteration 1) I need to call get_employee_info.
[ACTION] get_employee_info({"employee_id": "E003"})
[OBSERVATION] {"employee_id": "E003", "equipment": ["headphones", "phone", "laptop"], "found": true, "name": "Alan Turing", "role": "manager", "tenure_years": 11}

[THOUGHT] (iteration 2) I need to call evaluate_request.
[ACTION] evaluate_request({"employee": "Alan Turing", "item_requested": "headphones", "reason": "I'd like a replacement for my headphones but want to keep both pairs for a week, then return the old pair.", "role": "manager"})
[OBSERVATION] {"decision": "escalate", "rule": "unclear_reason"}
[ROUTE] escalate (unclear_reason) -> call flag_for_human_review, then draft the handoff with the review id

[THOUGHT] (iteration 3) I need to call flag_for_human_review.
[ACTION] flag_for_human_review({"employee_id": "E003", "reason": "I'd like a replacement for my headphones but want to keep both pairs for a week, then return the old pair.", "request": "replacement for my headphones"})
[OBSERVATION] {"employee_id": "E003", "reason": "I'd like a replacement for my headphones but want to keep both pairs for a week, then return the old pair.", "request": "replacement for my headphones", "review_id": "R001", "status": "escalated"}

[DRAFT] Your request for a replacement for your headphones has been escalated to human review (review ID: R001). The reason provided is unclear, and a human will need to make a final decision. We will notify you once a resolution is reached. Thank you for your understanding, Alan.
[REFLECTION] Draft corrected: Your request for a replacement for your headphones has been escalated to human review (review ID: R001). The reason provided is unclear, and a human will need to make a final decision. We will notify you once a resolution is reached. Thank you for your understanding, Alan.

>>> [escalate-2-05-headphones-week-overlap] OK: expected=escalate got=escalate rule=unclear_reason

========================================================================
[escalate-2-06-director-laptop-handback] bucket=escalate_week_overlap
REQUEST: Hello, I'm Donald Knuth (E008). I need a laptop refresh; I'll keep both laptops for a week and then return the old one to IT.
========================================================================

[THOUGHT] (iteration 1) I need to call get_employee_info.
[ACTION] get_employee_info({"employee_id": "E008"})
[OBSERVATION] {"employee_id": "E008", "equipment": ["headphones", "phone", "laptop"], "found": true, "name": "Donald Knuth", "role": "director", "tenure_years": 30}

[THOUGHT] (iteration 2) I need to call evaluate_request.
[ACTION] evaluate_request({"employee": "Donald Knuth", "item_requested": "laptop", "reason": "I need a laptop refresh; I'll keep both laptops for a week and then return the old one to IT.", "role": "director"})
[OBSERVATION] {"decision": "escalate", "rule": "laptop_week_overlap"}
[ROUTE] escalate (laptop_week_overlap) -> call flag_for_human_review, then draft the handoff with the review id

[THOUGHT] (iteration 3) I need to call flag_for_human_review.
[ACTION] flag_for_human_review({"employee_id": "E008", "reason": "I need a laptop refresh; I'll keep both laptops for a week and then return the old one to IT.", "request": "laptop"})
[OBSERVATION] {"employee_id": "E008", "reason": "I need a laptop refresh; I'll keep both laptops for a week and then return the old one to IT.", "request": "laptop", "review_id": "R001", "status": "escalated"}

[DRAFT] Dear Donald Knuth, your request for a laptop has been escalated for human review due to the policy rule "laptop_week_overlap." The review ID is R001. Please wait for further updates.
[REFLECTION] Draft corrected: Dear Donald Knuth, your request for a laptop has been escalated for human review due to the policy rule "laptop_week_overlap." The review ID is R001. The reason for escalation is that you need a laptop refresh and plan to keep both laptops for a week before returning the old one to IT. Please wait for further updates.

>>> [escalate-2-06-director-laptop-handback] OK: expected=escalate got=escalate rule=laptop_week_overlap


========================================================================
RESULTS (24 cases)
========================================================================
id                                           expected  got       rule                         status     sec
------------------------------------------------------------------------------------------------------------
approve-01-headphones-replacement            approve   approve   headphones_replacement       OK          13
approve-02-headphones-first                  approve   approve   headphones_first             OK          13
approve-03-employee-phone-replacement        approve   approve   employee_phone_replacement   OK          14
approve-04-manager-headphones-replacement    approve   approve   headphones_replacement       OK          16
approve-05-manager-phone-first               approve   approve   manager_phone_first          OK          14
approve-06-director-phone-replacement        approve   approve   manager_phone_replacement    OK          14
deny-01-employee-laptop                      deny      deny      employee_laptop              OK          14
deny-02-employee-phone-second                deny      deny      employee_phone_second        OK          17
deny-03-headphones-spare                     deny      deny      headphones_second            OK          15
deny-04-director-phone-second                deny      deny      manager_phone_second         OK          14
deny-05-manager-laptop                       deny      deny      laptop_not_covered           OK          15
deny-06-headphones-extra                     deny      deny      headphones_second            OK          14
escalate-1-01-unknown-role                   escalate  escalate  blank_field                  OK          18
escalate-1-02-blank-reason                   escalate  escalate  blank_field                  OK          19
escalate-1-03-unclear-contradiction          escalate  escalate  unclear_reason               OK          20
escalate-1-04-employee-phone-first           escalate  escalate  employee_phone_first         OK          20
escalate-1-05-unknown-item                   escalate  escalate  unknown_item                 OK          19
escalate-1-06-no-signal                      escalate  escalate  unclear_reason               OK          20
escalate-2-01-manager-laptop-week-overlap    escalate  escalate  laptop_week_overlap          OK          20
escalate-2-02-manager-laptop-7-days          escalate  escalate  laptop_week_overlap          OK          21
escalate-2-03-director-laptop-week-overlap   escalate  escalate  laptop_week_overlap          OK          20
escalate-2-04-manager-phone-week-overlap     escalate  escalate  unclear_reason               OK          19
escalate-2-05-headphones-week-overlap        escalate  escalate  unclear_reason               OK          21
escalate-2-06-director-laptop-handback       escalate  escalate  laptop_week_overlap          OK          21
------------------------------------------------------------------------------------------------------------
matched expectations: 24/24
  clear_approve: 6/6 OK
  clear_deny: 6/6 OK
  escalate_ambiguous: 6/6 OK
  escalate_week_overlap: 6/6 OK
